[2026-04-29T19:58:47] [99999] [Roberto] [AGENTE→CLIENTE] Olá, Roberto. Vocês fizeram falta na nossa visita! 💙💛

Desejo que esteja tudo bem com a sua família.

A rotina com os pequenos pode mudar a qualquer momento, e entendemos isso com empatia.

Será um prazer recebê-los e mostrar cada detalhe da nossa unidade Moema.

Que tal remarcarmos? Temos os seguintes horários disponíveis:
🗓 segunda-feira, 04/05 às 10h
🗓 segunda-feira, 04/05 às 11h
🗓 segunda-feira, 04/05 às 12h

Qual desses funciona melhor para vocês? 😊
[2026-04-29T20:04:12] [99999] [Roberto] [AGENTE→CLIENTE] Olá Roberto! Teste do agente de reagendamento. Visita Moema.
[2026-04-29T20:05:55] [99999] [Roberto] [AGENTE→CLIENTE] Olá Roberto! Teste do agente de reagendamento. Visita Moema.
[2026-05-04T12:52:05] [99999] [Roberto (TESTE)] [AGENTE→CLIENTE] Olá, Roberto. Vocês fizeram falta na nossa visita! 💙💛

Desejo que esteja tudo bem com a sua família.

A rotina com os pequenos pode mudar a qualquer momento, e entendemos isso com empatia.

Será um prazer recebê-los e mostrar cada detalhe da nossa unidade Vila Leopoldina.

Que tal remarcarmos? Temos os seguintes horários disponíveis:
🗓 terça-feira, 05/05 às 11h
🗓 quarta-feira, 06/05 às 11h
🗓 quarta-feira, 06/05 às 12h

Qual desses funciona melhor para vocês? 😊
